<def f='include/c++/7/bits/stl_map.h' l='99' ll='1380'/>
<use f='include/c++/7/bits/stl_map.h' l='124'/>
<use f='include/c++/7/bits/stl_map.h' l='1373' c='_ZSteqRKSt3mapIT_T0_T1_T2_ES6_'/>
<use f='include/c++/7/bits/stl_map.h' l='1374' c='_ZSteqRKSt3mapIT_T0_T1_T2_ES6_'/>
<use f='include/c++/7/bits/stl_map.h' l='1378' c='_ZStltRKSt3mapIT_T0_T1_T2_ES6_'/>
<use f='include/c++/7/bits/stl_map.h' l='1379' c='_ZStltRKSt3mapIT_T0_T1_T2_ES6_'/>
<use f='include/c++/7/bits/stl_map.h' l='1394' c='_ZSteqRKSt3mapIT_T0_T1_T2_ES6_'/>
<use f='include/c++/7/bits/stl_map.h' l='1395' c='_ZSteqRKSt3mapIT_T0_T1_T2_ES6_'/>
<use f='include/c++/7/bits/stl_map.h' l='1411' c='_ZStltRKSt3mapIT_T0_T1_T2_ES6_'/>
<use f='include/c++/7/bits/stl_map.h' l='1412' c='_ZStltRKSt3mapIT_T0_T1_T2_ES6_'/>
<use f='include/c++/7/bits/stl_map.h' l='1418' c='_ZStneRKSt3mapIT_T0_T1_T2_ES6_'/>
<use f='include/c++/7/bits/stl_map.h' l='1419' c='_ZStneRKSt3mapIT_T0_T1_T2_ES6_'/>
<use f='include/c++/7/bits/stl_map.h' l='1425' c='_ZStgtRKSt3mapIT_T0_T1_T2_ES6_'/>
<use f='include/c++/7/bits/stl_map.h' l='1426' c='_ZStgtRKSt3mapIT_T0_T1_T2_ES6_'/>
<use f='include/c++/7/bits/stl_map.h' l='1432' c='_ZStleRKSt3mapIT_T0_T1_T2_ES6_'/>
<use f='include/c++/7/bits/stl_map.h' l='1433' c='_ZStleRKSt3mapIT_T0_T1_T2_ES6_'/>
<use f='include/c++/7/bits/stl_map.h' l='1439' c='_ZStgeRKSt3mapIT_T0_T1_T2_ES6_'/>
<use f='include/c++/7/bits/stl_map.h' l='1440' c='_ZStgeRKSt3mapIT_T0_T1_T2_ES6_'/>
<use f='include/c++/7/bits/stl_map.h' l='1446' c='_ZSt4swapRSt3mapIT_T0_T1_T2_ES5_'/>
<use f='include/c++/7/bits/stl_map.h' l='1447' c='_ZSt4swapRSt3mapIT_T0_T1_T2_ES5_'/>
<use f='codebrowser/generator/generator.h' l='62'/>
<use f='codebrowser/generator/annotator.h' l='78'/>
<use f='codebrowser/generator/annotator.h' l='79'/>
<use f='codebrowser/generator/annotator.h' l='80'/>
<use f='codebrowser/generator/annotator.h' l='92'/>
<use f='codebrowser/generator/annotator.h' l='93'/>
<use f='codebrowser/generator/annotator.h' l='94'/>
<use f='codebrowser/generator/annotator.h' l='100'/>
<use f='codebrowser/generator/annotator.h' l='108'/>
<use f='codebrowser/generator/annotator.h' l='112'/>
<mbr r='std::map::_M_t' t='std::map::_Rep_type'/>
<fun r='_ZNSt3mapC1Ev'/>
<fun r='_ZNSt3mapC1ERKT1_RKT2_'/>
<fun r='_ZNSt3mapC1ERKSt3mapIT_T0_T1_T2_E'/>
<fun r='_ZNSt3mapC1EOSt3mapIT_T0_T1_T2_E'/>
<fun r='_ZNSt3mapC1ESt16initializer_listISt4pairIKT_T0_EERKT1_RKT2_'/>
<fun r='_ZNSt3mapC1ERKT2_'/>
<fun r='_ZNSt3mapC1ERKSt3mapIT_T0_T1_T2_ERKS4_'/>
<fun r='_ZNSt3mapC1EOSt3mapIT_T0_T1_T2_ERKS4_'/>
<fun r='_ZNSt3mapC1ESt16initializer_listISt4pairIKT_T0_EERKT2_'/>
<fun r='_ZNSt3mapC1ET_S0_RKT2_'/>
<fun r='_ZNSt3mapC1ET_S0_'/>
<fun r='_ZNSt3mapC1ET_S0_RKT1_RKT2_'/>
<fun r='_ZNSt3mapD1Ev'/>
<fun r='_ZNSt3mapaSERKSt3mapIT_T0_T1_T2_E'/>
<fun r='_ZNSt3mapaSEOSt3mapIT_T0_T1_T2_E'/>
<fun r='_ZNSt3mapaSESt16initializer_listISt4pairIKT_T0_EE'/>
<fun r='_ZNKSt3map13get_allocatorEv'/>
<fun r='_ZNSt3map5beginEv'/>
<fun r='_ZNKSt3map5beginEv'/>
<fun r='_ZNSt3map3endEv'/>
<fun r='_ZNKSt3map3endEv'/>
<fun r='_ZNSt3map6rbeginEv'/>
<fun r='_ZNKSt3map6rbeginEv'/>
<fun r='_ZNSt3map4rendEv'/>
<fun r='_ZNKSt3map4rendEv'/>
<fun r='_ZNKSt3map6cbeginEv'/>
<fun r='_ZNKSt3map4cendEv'/>
<fun r='_ZNKSt3map7crbeginEv'/>
<fun r='_ZNKSt3map5crendEv'/>
<fun r='_ZNKSt3map5emptyEv'/>
<fun r='_ZNKSt3map4sizeEv'/>
<fun r='_ZNKSt3map8max_sizeEv'/>
<fun r='_ZNSt3mapixERKT_'/>
<fun r='_ZNSt3mapixEOT_'/>
<fun r='_ZNSt3map2atERKT_'/>
<fun r='_ZNKSt3map2atERKT_'/>
<fun r='_ZNSt3map7emplaceEDpOT_'/>
<fun r='_ZNSt3map12emplace_hintENSt8_Rb_treeIT_St4pairIKS1_T0_ESt10_Select1stIS5_ET1_N9__gnu_cxx14__alloc_traitsIT2_E6rebindIS5_E5otherEE14const_iteratorEDpOT_'/>
<fun r='_ZNSt3map6insertERKSt4pairIKT_T0_E'/>
<fun r='_ZNSt3map6insertEOSt4pairIKT_T0_E'/>
<fun r='_ZNSt3map6insertEOT_'/>
<fun r='_ZNSt3map6insertESt16initializer_listISt4pairIKT_T0_EE'/>
<fun r='_ZNSt3map6insertENSt8_Rb_treeIT_St4pairIKS1_T0_ESt10_Select1stIS5_ET1_N9__gnu_cxx14__alloc_traitsIT2_E6rebindIS5_E5otherEE14const_iteratorERKS5_'/>
<fun r='_ZNSt3map6insertENSt8_Rb_treeIT_St4pairIKS1_T0_ESt10_Select1stIS5_ET1_N9__gnu_cxx14__alloc_traitsIT2_E6rebindIS5_E5otherEE14const_iteratorEOS5_'/>
<fun r='_ZNSt3map6insertENSt8_Rb_treeIT_St4pairIKS1_T0_ESt10_Select1stIS5_ET1_N9__gnu_cxx14__alloc_traitsIT2_E6rebindIS5_E5otherEE14const_iteratorEOT_'/>
<fun r='_ZNSt3map6insertET_S0_'/>
<fun r='_ZNSt3map5eraseENSt8_Rb_treeIT_St4pairIKS1_T0_ESt10_Select1stIS5_ET1_N9__gnu_cxx14__alloc_traitsIT2_E6rebindIS5_E5otherEE14const_iteratorE'/>
<fun r='_ZNSt3map5eraseB5cxx11ENSt8_Rb_treeIT_St4pairIKS1_T0_ESt10_Select1stIS5_ET1_N9__gnu_cxx14__alloc_traitsIT2_E6rebindIS5_E5otherEE8iteratorE'/>
<fun r='_ZNSt3map5eraseERKT_'/>
<fun r='_ZNSt3map5eraseENSt8_Rb_treeIT_St4pairIKS1_T0_ESt10_Select1stIS5_ET1_N9__gnu_cxx14__alloc_traitsIT2_E6rebindIS5_E5otherEE14const_iteratorESH_'/>
<fun r='_ZNSt3map4swapERSt3mapIT_T0_T1_T2_E'/>
<fun r='_ZNSt3map5clearEv'/>
<fun r='_ZNKSt3map8key_compEv'/>
<fun r='_ZNKSt3map10value_compEv'/>
<fun r='_ZNSt3map4findERKT_'/>
<fun r='_ZNSt3map4findERKT_'/>
<fun r='_ZNKSt3map4findERKT_'/>
<fun r='_ZNKSt3map4findERKT_'/>
<fun r='_ZNKSt3map5countERKT_'/>
<fun r='_ZNKSt3map5countERKT_'/>
<fun r='_ZNSt3map11lower_boundERKT_'/>
<fun r='_ZNSt3map11lower_boundERKT_'/>
<fun r='_ZNKSt3map11lower_boundERKT_'/>
<fun r='_ZNKSt3map11lower_boundERKT_'/>
<fun r='_ZNSt3map11upper_boundERKT_'/>
<fun r='_ZNSt3map11upper_boundERKT_'/>
<fun r='_ZNKSt3map11upper_boundERKT_'/>
<fun r='_ZNKSt3map11upper_boundERKT_'/>
<fun r='_ZNSt3map11equal_rangeERKT_'/>
<fun r='_ZNSt3map11equal_rangeERKT_'/>
<fun r='_ZNKSt3map11equal_rangeERKT_'/>
<fun r='_ZNKSt3map11equal_rangeERKT_'/>
<use f='include/llvm-7/llvm/Support/YAMLParser.h' l='541' c='_ZNK4llvm4yaml8Document9getTagMapEv'/>
<use f='include/llvm-7/llvm/Support/YAMLParser.h' l='559'/>
<use f='codebrowser/generator/preprocessorcallback.h' l='99'/>
<use f='codebrowser/indexgenerator/indexer.cpp' l='35'/>
<use f='codebrowser/indexgenerator/indexer.cpp' l='39'/>
